Errors from 2012-03-09T15:29:46-05:00
{:post_ID=>2122, :author=>3, :title=>"Tegan and Sara", :body=>"<img class=\"alignnone\" title=\"tegan and sara\" src=\"http://images.askmen.com/women/singer_300/388_tegan_and_sara.jpg\" alt=\"\" width=\"150\" height=\"250\" />", :created_at=>2012-01-09 14:47:32 -0500, :views=>0, :lock=>false, :_geoLong=>"-123.3645603", :_geoLat=>"48.4263116", :_zipcode=>"V8W 3S2", :_state_short=>"BC", :_city=>"Victoria", :website=>"http://www.teganandsara.com/shows/", :address=>"706 Yates St, Victoria, BC V8W 3S2"}

{:post_ID=>2914, :author=>3, :title=>"Horsefly With 'Spectacular' Gold Booty Named for Beyonc\xE9", :body=>"The Scaptia (Plinthina) beyonceae fly, which is found in far north Queensland, sports a spectacular gold patch on its abdomen which CSIRO insect expert Bryan Lessard says makes it the \"all-time diva of flies\".", :created_at=>2012-01-13 14:41:48 -0500, :views=>15, :lock=>false, :post_link=>"The Scaptia (Plinthina) beyonceae fly, which is found in far north Queensland, sports a spectacular gold patch on its abdomen which CSIRO insect expert Bryan Lessard says makes it the \"all-time diva of flies\".   Read more: http://www.towleroad.com/2012/01/horsefly-with-spectacular-gold-booty-named-for-beyonc%C3%A9.html#ixzz1jMwav6Qi"}

{:post_ID=>5666, :author=>3, :title=>"Greedy? Sued For Fraud? Youre the HRCS Newest Spokesperson", :body=>"We cant stop discussing marriage equality.The recent victoryin Washington State,weddings in New York, and evencards in Whole Foodsare just a sampling of the proof that queer civil rights are finally securing their deserved place in the cultural lexicon.\r\n<div></div>", :created_at=>2012-02-16 09:40:22 -0500, :views=>14, :lock=>false, :post_image=>"rc-news", :post_link=>"http://unicornbooty.com/blog/2012/02/15/greedy-sued-for-fraud-you\x92re-the-hrc\x92s-newest-spokesperson/"}

{:post_ID=>6130, :author=>59, :title=>"Libby Davies", :body=>"", :created_at=>2012-02-19 13:32:41 -0500, :views=>0, :lock=>false, :address=>"2412 Main St, Vancouver, BC V5T 3E3", :phone=>"604 775 5800", :website=>"http://www.libbydavies.ca/", :_city=>"Vancouver", :_state_short=>"BC", :_zipcode=>"V5T 3E3", :_geoLat=>"49.2636976", :_geoLong=>"-123.1007476"}

{:post_ID=>1748, :author=>84, :title=>"La Boite Caf\xE9", :body=>"", :created_at=>2012-01-06 10:52:35 -0500, :views=>0, :lock=>false, :fri_time_to=>"4:30 PM", :fri_time_from=>"7:30 AM", :thu_time_to=>"4:30 PM", :thu_time_from=>"7:30 AM", :wed_time_to=>"4:30 PM", :wed_time_from=>"7:30 AM", :tue_time_to=>"4:30 PM", :tue_time_from=>"7:30 AM", :mon_time_to=>"4:30 PM", :mon_time_from=>"7:30 AM", :sun_time_to=>"4:00 PM", :sun_time_from=>"8:00 AM", :website=>"laboitecafe.com/", :address=>"1700 S Lamar Blvd, Austin, TX 78704", :review_type=>"local", :phone=>"(512) 377-6198", :sat_time_from=>"8:00 AM", :sat_time_to=>"4:00 PM", :_city=>"Austin", :_state_short=>"TX", :_zipcode=>"78704", :_geoLat=>"30.251606", :_geoLong=>"-97.766487"}

{:post_ID=>3411, :author=>84, :title=>"Oshkosh Corporation   ", :body=>"", :created_at=>2012-01-18 15:04:31 -0500, :views=>0, :lock=>false, :review_type=>"corporate", :address=>"2307 Oregon St, Oshkosh, WI 54902", :owner=>"Charlie Szews", :phone=>" (920) 235-9151 ? \xB7 oshkoshcorporation.com", :website=>"www.oshkoshcorporation.com", :_city=>"Oshkosh", :_state_short=>"WI", :_zipcode=>"54902", :_geoLat=>"43.9929995", :_geoLong=>"-88.5425092"}

{:post_ID=>3009, :author=>78, :title=>"US Group Aims for Dot Gay Web Domain", :body=>"I found this article to be intriguing and found it maybe a little bit offensive that they wanted to seclude \"gay\" websites per say on the internet. I found it to be interesting and thought that this could open a whole new carton of worms that schools or libraries would be able to ban .gay domains from being accessed?", :created_at=>2012-01-15 14:09:23 -0500, :views=>18, :lock=>false, :post_image=>"rc-news", :post_link=>"http://biggaynews.com/us-group-aims-for-\x91dot-gay\x92-web-domain/9683"}

{:post_ID=>5067, :author=>99, :title=>"Gareth Thomas", :body=>"", :created_at=>2012-02-11 18:42:43 -0500, :views=>0, :lock=>false, :address=>"CF37 5YR Pontypridd, Rhondda Cynon Taff,  CF37 5YR", :website=>"http://www.gareththomasonline.com/gareththomas/index.htm", :_city=>"Rhondda Cynon Taff", :_zipcode=>"CF37 5YR", :_geoLat=>"51.5648231", :_geoLong=>"-3.2825466"}

{:post_ID=>4756, :author=>99, :title=>"Finland's Gay Presidential Candidate Loses Race", :body=>"\"Pekka Haavisto, the openly gay candidate in Finland\x92s presidential race, has lost to opponent Sauli Niinist\xF6.\"", :created_at=>2012-02-07 18:22:14 -0500, :views=>27, :lock=>false, :post_image=>"rc-news", :post_link=>"http://www.pinknews.co.uk/2012/02/07/finland-gay-candidate-loses-presidential-race/"}

{:post_ID=>5736, :author=>136, :title=>"2nd Cup Cafe, Bank & Somerset, Ottawa, Canada", :body=>"", :created_at=>2012-02-16 17:27:40 -0500, :views=>0, :lock=>false, :review_type=>"local", :address=>"290 Bank St, Ottawa, ON K2P 2P1", :owner=>"2nd Cup", :phone=>"613-565-5995", :sun_time_from=>"7am", :sun_time_to=>"10pm", :mon_time_from=>"6:30am", :mon_time_to=>"10pm", :tue_time_from=>"6:30am", :tue_time_to=>"10pm", :wed_time_from=>"6:30am", :wed_time_to=>"11pm", :thu_time_from=>"6:30am", :thu_time_to=>"11pm", :fri_time_from=>"6:30am", :fri_time_to=>"11pm", :sat_time_from=>"6:30am", :sat_time_to=>"11pm", :_city=>"Ottawa", :_state_short=>"ON", :_zipcode=>"K2P 2P1", :_geoLat=>"45.4154418", :_geoLong=>"-75.6965553", :photo=>"Added by: "}Errors from 2012-03-09T15:31:54-05:00
{:post_ID=>2122, :author=>3, :title=>"Tegan and Sara", :body=>"<img class=\"alignnone\" title=\"tegan and sara\" src=\"http://images.askmen.com/women/singer_300/388_tegan_and_sara.jpg\" alt=\"\" width=\"150\" height=\"250\" />", :created_at=>2012-01-09 14:47:32 -0500, :views=>0, :lock=>false, :_geoLong=>"-123.3645603", :_geoLat=>"48.4263116", :_zipcode=>"V8W 3S2", :_state_short=>"BC", :_city=>"Victoria", :website=>"http://www.teganandsara.com/shows/", :address=>"706 Yates St, Victoria, BC V8W 3S2"}

{:post_ID=>2914, :author=>3, :title=>"Horsefly With 'Spectacular' Gold Booty Named for Beyonc\xE9", :body=>"The Scaptia (Plinthina) beyonceae fly, which is found in far north Queensland, sports a spectacular gold patch on its abdomen which CSIRO insect expert Bryan Lessard says makes it the \"all-time diva of flies\".", :created_at=>2012-01-13 14:41:48 -0500, :views=>15, :lock=>false, :post_link=>"The Scaptia (Plinthina) beyonceae fly, which is found in far north Queensland, sports a spectacular gold patch on its abdomen which CSIRO insect expert Bryan Lessard says makes it the \"all-time diva of flies\".   Read more: http://www.towleroad.com/2012/01/horsefly-with-spectacular-gold-booty-named-for-beyonc%C3%A9.html#ixzz1jMwav6Qi"}

{:post_ID=>5666, :author=>3, :title=>"Greedy? Sued For Fraud? Youre the HRCS Newest Spokesperson", :body=>"We cant stop discussing marriage equality.The recent victoryin Washington State,weddings in New York, and evencards in Whole Foodsare just a sampling of the proof that queer civil rights are finally securing their deserved place in the cultural lexicon.\r\n<div></div>", :created_at=>2012-02-16 09:40:22 -0500, :views=>14, :lock=>false, :post_image=>"rc-news", :post_link=>"http://unicornbooty.com/blog/2012/02/15/greedy-sued-for-fraud-you\x92re-the-hrc\x92s-newest-spokesperson/"}

{:post_ID=>6130, :author=>59, :title=>"Libby Davies", :body=>"", :created_at=>2012-02-19 13:32:41 -0500, :views=>0, :lock=>false, :address=>"2412 Main St, Vancouver, BC V5T 3E3", :phone=>"604 775 5800", :website=>"http://www.libbydavies.ca/", :_city=>"Vancouver", :_state_short=>"BC", :_zipcode=>"V5T 3E3", :_geoLat=>"49.2636976", :_geoLong=>"-123.1007476"}

{:post_ID=>1748, :author=>84, :title=>"La Boite Caf\xE9", :body=>"", :created_at=>2012-01-06 10:52:35 -0500, :views=>0, :lock=>false, :fri_time_to=>"4:30 PM", :fri_time_from=>"7:30 AM", :thu_time_to=>"4:30 PM", :thu_time_from=>"7:30 AM", :wed_time_to=>"4:30 PM", :wed_time_from=>"7:30 AM", :tue_time_to=>"4:30 PM", :tue_time_from=>"7:30 AM", :mon_time_to=>"4:30 PM", :mon_time_from=>"7:30 AM", :sun_time_to=>"4:00 PM", :sun_time_from=>"8:00 AM", :website=>"laboitecafe.com/", :address=>"1700 S Lamar Blvd, Austin, TX 78704", :review_type=>"local", :phone=>"(512) 377-6198", :sat_time_from=>"8:00 AM", :sat_time_to=>"4:00 PM", :_city=>"Austin", :_state_short=>"TX", :_zipcode=>"78704", :_geoLat=>"30.251606", :_geoLong=>"-97.766487"}

{:post_ID=>3411, :author=>84, :title=>"Oshkosh Corporation   ", :body=>"", :created_at=>2012-01-18 15:04:31 -0500, :views=>0, :lock=>false, :review_type=>"corporate", :address=>"2307 Oregon St, Oshkosh, WI 54902", :owner=>"Charlie Szews", :phone=>" (920) 235-9151 ? \xB7 oshkoshcorporation.com", :website=>"www.oshkoshcorporation.com", :_city=>"Oshkosh", :_state_short=>"WI", :_zipcode=>"54902", :_geoLat=>"43.9929995", :_geoLong=>"-88.5425092"}

{:post_ID=>3009, :author=>78, :title=>"US Group Aims for Dot Gay Web Domain", :body=>"I found this article to be intriguing and found it maybe a little bit offensive that they wanted to seclude \"gay\" websites per say on the internet. I found it to be interesting and thought that this could open a whole new carton of worms that schools or libraries would be able to ban .gay domains from being accessed?", :created_at=>2012-01-15 14:09:23 -0500, :views=>18, :lock=>false, :post_image=>"rc-news", :post_link=>"http://biggaynews.com/us-group-aims-for-\x91dot-gay\x92-web-domain/9683"}

{:post_ID=>5067, :author=>99, :title=>"Gareth Thomas", :body=>"", :created_at=>2012-02-11 18:42:43 -0500, :views=>0, :lock=>false, :address=>"CF37 5YR Pontypridd, Rhondda Cynon Taff,  CF37 5YR", :website=>"http://www.gareththomasonline.com/gareththomas/index.htm", :_city=>"Rhondda Cynon Taff", :_zipcode=>"CF37 5YR", :_geoLat=>"51.5648231", :_geoLong=>"-3.2825466"}

{:post_ID=>4756, :author=>99, :title=>"Finland's Gay Presidential Candidate Loses Race", :body=>"\"Pekka Haavisto, the openly gay candidate in Finland\x92s presidential race, has lost to opponent Sauli Niinist\xF6.\"", :created_at=>2012-02-07 18:22:14 -0500, :views=>27, :lock=>false, :post_image=>"rc-news", :post_link=>"http://www.pinknews.co.uk/2012/02/07/finland-gay-candidate-loses-presidential-race/"}

{:post_ID=>5736, :author=>136, :title=>"2nd Cup Cafe, Bank & Somerset, Ottawa, Canada", :body=>"", :created_at=>2012-02-16 17:27:40 -0500, :views=>0, :lock=>false, :review_type=>"local", :address=>"290 Bank St, Ottawa, ON K2P 2P1", :owner=>"2nd Cup", :phone=>"613-565-5995", :sun_time_from=>"7am", :sun_time_to=>"10pm", :mon_time_from=>"6:30am", :mon_time_to=>"10pm", :tue_time_from=>"6:30am", :tue_time_to=>"10pm", :wed_time_from=>"6:30am", :wed_time_to=>"11pm", :thu_time_from=>"6:30am", :thu_time_to=>"11pm", :fri_time_from=>"6:30am", :fri_time_to=>"11pm", :sat_time_from=>"6:30am", :sat_time_to=>"11pm", :_city=>"Ottawa", :_state_short=>"ON", :_zipcode=>"K2P 2P1", :_geoLat=>"45.4154418", :_geoLong=>"-75.6965553", :photo=>"Added by: "}Errors from 2012-03-09T15:53:28-05:00
{:post_ID=>2122, :author=>3, :title=>"Tegan and Sara", :body=>"<img class=\"alignnone\" title=\"tegan and sara\" src=\"http://images.askmen.com/women/singer_300/388_tegan_and_sara.jpg\" alt=\"\" width=\"150\" height=\"250\" />", :created_at=>2012-01-09 14:47:32 -0500, :views=>0, :lock=>false, :_geoLong=>"-123.3645603", :_geoLat=>"48.4263116", :_zipcode=>"V8W 3S2", :_state_short=>"BC", :_city=>"Victoria", :website=>"http://www.teganandsara.com/shows/", :address=>"706 Yates St, Victoria, BC V8W 3S2"}

{:post_ID=>2914, :author=>3, :title=>"Horsefly With 'Spectacular' Gold Booty Named for Beyonc\xE9", :body=>"The Scaptia (Plinthina) beyonceae fly, which is found in far north Queensland, sports a spectacular gold patch on its abdomen which CSIRO insect expert Bryan Lessard says makes it the \"all-time diva of flies\".", :created_at=>2012-01-13 14:41:48 -0500, :views=>15, :lock=>false, :post_link=>"The Scaptia (Plinthina) beyonceae fly, which is found in far north Queensland, sports a spectacular gold patch on its abdomen which CSIRO insect expert Bryan Lessard says makes it the \"all-time diva of flies\".   Read more: http://www.towleroad.com/2012/01/horsefly-with-spectacular-gold-booty-named-for-beyonc%C3%A9.html#ixzz1jMwav6Qi"}

{:post_ID=>5666, :author=>3, :title=>"Greedy? Sued For Fraud? Youre the HRCS Newest Spokesperson", :body=>"We cant stop discussing marriage equality.The recent victoryin Washington State,weddings in New York, and evencards in Whole Foodsare just a sampling of the proof that queer civil rights are finally securing their deserved place in the cultural lexicon.\r\n<div></div>", :created_at=>2012-02-16 09:40:22 -0500, :views=>14, :lock=>false, :post_image=>"rc-news", :post_link=>"http://unicornbooty.com/blog/2012/02/15/greedy-sued-for-fraud-you\x92re-the-hrc\x92s-newest-spokesperson/"}

{:post_ID=>6130, :author=>59, :title=>"Libby Davies", :body=>"", :created_at=>2012-02-19 13:32:41 -0500, :views=>0, :lock=>false, :address=>"2412 Main St, Vancouver, BC V5T 3E3", :phone=>"604 775 5800", :website=>"http://www.libbydavies.ca/", :_city=>"Vancouver", :_state_short=>"BC", :_zipcode=>"V5T 3E3", :_geoLat=>"49.2636976", :_geoLong=>"-123.1007476"}

{:post_ID=>1748, :author=>84, :title=>"La Boite Caf\xE9", :body=>"", :created_at=>2012-01-06 10:52:35 -0500, :views=>0, :lock=>false, :fri_time_to=>"4:30 PM", :fri_time_from=>"7:30 AM", :thu_time_to=>"4:30 PM", :thu_time_from=>"7:30 AM", :wed_time_to=>"4:30 PM", :wed_time_from=>"7:30 AM", :tue_time_to=>"4:30 PM", :tue_time_from=>"7:30 AM", :mon_time_to=>"4:30 PM", :mon_time_from=>"7:30 AM", :sun_time_to=>"4:00 PM", :sun_time_from=>"8:00 AM", :website=>"laboitecafe.com/", :address=>"1700 S Lamar Blvd, Austin, TX 78704", :review_type=>"local", :phone=>"(512) 377-6198", :sat_time_from=>"8:00 AM", :sat_time_to=>"4:00 PM", :_city=>"Austin", :_state_short=>"TX", :_zipcode=>"78704", :_geoLat=>"30.251606", :_geoLong=>"-97.766487"}

{:post_ID=>3411, :author=>84, :title=>"Oshkosh Corporation   ", :body=>"", :created_at=>2012-01-18 15:04:31 -0500, :views=>0, :lock=>false, :review_type=>"corporate", :address=>"2307 Oregon St, Oshkosh, WI 54902", :owner=>"Charlie Szews", :phone=>" (920) 235-9151 ? \xB7 oshkoshcorporation.com", :website=>"www.oshkoshcorporation.com", :_city=>"Oshkosh", :_state_short=>"WI", :_zipcode=>"54902", :_geoLat=>"43.9929995", :_geoLong=>"-88.5425092"}

{:post_ID=>3009, :author=>78, :title=>"US Group Aims for Dot Gay Web Domain", :body=>"I found this article to be intriguing and found it maybe a little bit offensive that they wanted to seclude \"gay\" websites per say on the internet. I found it to be interesting and thought that this could open a whole new carton of worms that schools or libraries would be able to ban .gay domains from being accessed?", :created_at=>2012-01-15 14:09:23 -0500, :views=>18, :lock=>false, :post_image=>"rc-news", :post_link=>"http://biggaynews.com/us-group-aims-for-\x91dot-gay\x92-web-domain/9683"}

{:post_ID=>5067, :author=>99, :title=>"Gareth Thomas", :body=>"", :created_at=>2012-02-11 18:42:43 -0500, :views=>0, :lock=>false, :address=>"CF37 5YR Pontypridd, Rhondda Cynon Taff,  CF37 5YR", :website=>"http://www.gareththomasonline.com/gareththomas/index.htm", :_city=>"Rhondda Cynon Taff", :_zipcode=>"CF37 5YR", :_geoLat=>"51.5648231", :_geoLong=>"-3.2825466"}

{:post_ID=>4756, :author=>99, :title=>"Finland's Gay Presidential Candidate Loses Race", :body=>"\"Pekka Haavisto, the openly gay candidate in Finland\x92s presidential race, has lost to opponent Sauli Niinist\xF6.\"", :created_at=>2012-02-07 18:22:14 -0500, :views=>27, :lock=>false, :post_image=>"rc-news", :post_link=>"http://www.pinknews.co.uk/2012/02/07/finland-gay-candidate-loses-presidential-race/"}

{:post_ID=>5736, :author=>136, :title=>"2nd Cup Cafe, Bank & Somerset, Ottawa, Canada", :body=>"", :created_at=>2012-02-16 17:27:40 -0500, :views=>0, :lock=>false, :review_type=>"local", :address=>"290 Bank St, Ottawa, ON K2P 2P1", :owner=>"2nd Cup", :phone=>"613-565-5995", :sun_time_from=>"7am", :sun_time_to=>"10pm", :mon_time_from=>"6:30am", :mon_time_to=>"10pm", :tue_time_from=>"6:30am", :tue_time_to=>"10pm", :wed_time_from=>"6:30am", :wed_time_to=>"11pm", :thu_time_from=>"6:30am", :thu_time_to=>"11pm", :fri_time_from=>"6:30am", :fri_time_to=>"11pm", :sat_time_from=>"6:30am", :sat_time_to=>"11pm", :_city=>"Ottawa", :_state_short=>"ON", :_zipcode=>"K2P 2P1", :_geoLat=>"45.4154418", :_geoLong=>"-75.6965553", :photo=>"Added by: "}